C51 COMPILER V9.53.0.0   TEXT1                                                             06/19/2020 01:09:36 PAGE 1   


C51 COMPILER V9.53.0.0, COMPILATION OF MODULE TEXT1
OBJECT MODULE PLACED IN text1.OBJ
COMPILER INVOKED BY: F:\MDK5\C51\BIN\C51.EXE text1.c OPTIMIZE(8,SPEED) BROWSE DEBUG OBJECTEXTEND TABS(3)

line level    source

   1          /*
   2             闪烁灯实验 
   3             运动指示灯直接接在P55口上
   4             只要控制io口相应电平变化即可
   5             */
   6          
   7          #include "stc8.h"
   8          
   9          void Delay1ms(int m)    //@24MHz 延时1ms 
  10          {
  11   1         unsigned int k;
  12   1         unsigned char i, j;
  13   1         
  14   1         for(k = 0; k < m; k++)
  15   1         {
  16   2            i = 31;
  17   2            j = 40;
  18   2            do
  19   2            {
  20   3               while (--j);
  21   3            } while (--i);
  22   2         }
  23   1      }
  24          
  25          main()
  26          {
  27   1         P_SW2=0x80;  //需要将最高位EAXFR先置为1才能访问特殊寄存器
  28   1         PWMCKS=0x00;   //PWM时钟选择分频 0x00不分频
  29   1         PWMC=0x0800;   //计数器的值
  30   1         PWM1T1=0x0380; //高低电平计数器的值
  31   1         PWM1T2=0x0580;
  32   1         PWM1CR=0x80;
  33   1         P_SW2=0x00;
  34   1         
  35   1         PWMCR=0x80;
  36   1         while(1);
  37   1      }


MODULE INFORMATION:   STATIC OVERLAYABLE
   CODE SIZE        =     71    ----
   CONSTANT SIZE    =   ----    ----
   XDATA SIZE       =   ----    ----
   PDATA SIZE       =   ----    ----
   DATA SIZE        =   ----    ----
   IDATA SIZE       =   ----    ----
   BIT SIZE         =   ----    ----
END OF MODULE INFORMATION.


C51 COMPILATION COMPLETE.  0 WARNING(S),  0 ERROR(S)
