C51 COMPILER V9.53.0.0   TEXT1                                                             07/21/2020 01:34:56 PAGE 1   


C51 COMPILER V9.53.0.0, COMPILATION OF MODULE TEXT1
OBJECT MODULE PLACED IN text1.OBJ
COMPILER INVOKED BY: F:\MDK5\C51\BIN\C51.EXE text1.c LARGE OMF2 OPTIMIZE(2,SPEED) BROWSE INCDIR(..\hardware\delay;..\har
                    -dware\IIC;..\hardware\OLED;..\hardware\ADC;..\hardware\Mpu6050;..\hardware\KEY;..\hardware\LED) DEBUG TABS(3)

line level    source

   1          #include "stc8.h"
   2          #include "delay.h"
   3          #include "i2c.h"
   4          #include "oled.h"
   5          #include "common.h"
   6          #include "adc.h"
   7          #include <stdio.h>
   8          #include <math.h>
   9          #include "SEEKFREE_IIC.h"
  10          #include "SEEKFREE_MPU6050.h"
  11          #include "LED.h"
  12          #include "Kalman_Filter.h"
  13          
  14          extern int mpu_gyro_x,mpu_gyro_y,mpu_gyro_z;
  15          extern int mpu_acc_x,mpu_acc_y,mpu_acc_z;
  16          void main(void)
  17          {
  18   1         float V;
  19   1         char test[30];
  20   1         unsigned char a, i;
  21   1         float angleAx,gyroGy;
  22   1         float Angle;
  23   1         int Angle_i;
  24   1         //int i_x,i_y,i_z,;
  25   1         //int *p_x=&i_x, *p_y=&i_y, *p_z=&i_z;
  26   1         OLED_Init();
  27   1         simiic_init();
  28   1         mpu6050_init();
  29   1         mpu6050_self1_check();
  30   1         
  31   1         SCON=0x50;        //REN=1允许串行接受状态，串口工作模式2          
  32   1         TMOD= 0x00;       //定时器1为模式0（16位自动重载）                
  33   1         AUXR=0X40;      //开启1T模式`
  34   1          TL1=(65535-(24000000/4/19200));    //设置波特率重装值
  35   1         TH1=(65535-(24000000/4/19200))>>8;
  36   1         TR1  = 1;        //开启定时器1  
  37   1         ES   = 1;        //开串口中断                                                                     
  38   1         EA   = 1;        // 开总中断 
  39   1         while(1)
  40   1         {
  41   2            mpu6050_get_accdata();
  42   2            mpu6050_get_gyro();
  43   2            angleAx=atan2(mpu_acc_x,mpu_acc_z)*180/3.14;
  44   2            gyroGy= (-mpu_gyro_y)/16.40;
  45   2            Angle = Kalman_Filter(angleAx,gyroGy);
  46   2            
  47   2            Angle_i=(int)Angle;
  48   2            //mpu6050_get_gyro_mean(p_x, p_y, p_z,5);  
  49   2            sprintf(test,"%f %f\r\n",Angle,angleAx);
  50   2            //OLED_ShowString(0,3,test);
  51   2            //sprintf(test,"%d %.2f %.2f\n",Angle_i, angleAx,gyroGy);
  52   2      //      for(i = 0;i < 8;i++)
  53   2      //    {
  54   2      //         SBUF = test[i];         //SUBF接受/发送缓冲器(又叫串行通信特殊功能寄存器)
C51 COMPILER V9.53.0.0   TEXT1                                                             07/21/2020 01:34:56 PAGE 2   

  55   2      //         while(!TI);           // 等特数据传送   (TI发送中断标志)
  56   2      //         TI = 0;               // 清除数据传送标志
  57   2      //      } 
  58   2            for(i = 0;test[i] != '\0';i++)
  59   2            {
  60   3               SBUF = test[i];           //SUBF接受/发送缓冲器(又叫串行通信特殊功能寄存器)
  61   3               while(!TI);          // 等特数据传送   (TI发送中断标志)
  62   3               TI = 0;              // 清除数据传送标志
  63   3            } 
  64   2            
  65   2      
  66   2         }
  67   1      }
*** WARNING C280 IN LINE 18 OF text1.c: 'V': unreferenced local variable
*** WARNING C280 IN LINE 20 OF text1.c: 'a': unreferenced local variable
  68          
  69           


MODULE INFORMATION:   STATIC OVERLAYABLE
   CODE SIZE        =    375    ----
   CONSTANT SIZE    =      8    ----
   XDATA SIZE       =   ----      50
   PDATA SIZE       =   ----    ----
   DATA SIZE        =   ----    ----
   IDATA SIZE       =   ----    ----
   BIT SIZE         =   ----    ----
   EDATA SIZE       =   ----    ----
   HDATA SIZE       =   ----    ----
   XDATA CONST SIZE =   ----    ----
   FAR CONST SIZE   =   ----    ----
END OF MODULE INFORMATION.


C51 COMPILATION COMPLETE.  2 WARNING(S),  0 ERROR(S)
