C51 COMPILER V9.53.0.0   TEXT1                                                             06/18/2020 17:28:01 PAGE 1   


C51 COMPILER V9.53.0.0, COMPILATION OF MODULE TEXT1
OBJECT MODULE PLACED IN text1.OBJ
COMPILER INVOKED BY: F:\MDK5\C51\BIN\C51.EXE text1.c OPTIMIZE(8,SPEED) BROWSE DEBUG OBJECTEXTEND TABS(3)

line level    source

   1          /*
   2             闪烁灯实验 
   3             运动指示灯直接接在P55口上
   4             只要控制io口相应电平变化即可
   5             */
   6          
   7          #include "stc8.h"
   8          
   9          void Delay1ms(int m)    //@24MHz
  10          {
  11   1         unsigned int k;
  12   1         unsigned char i, j;
  13   1         
  14   1         for(k = 0; k < m; k++)
  15   1         {
  16   2            i = 31
  17   2            j = 40;
*** ERROR C141 IN LINE 17 OF text1.c: syntax error near 'j'
  18   2            do
  19   2            {
  20   3               while (--j);
  21   3            } while (--i);
  22   2         }
  23   1      }
  24          
  25          main()
  26          {
  27   1      
  28   1         while(1)
  29   1         {
  30   2           P55=0;
  31   2           Delay1ms(1000);
  32   2           P55=1;
  33   2           Delay1ms(1000);
  34   2         }
  35   1      }

C51 COMPILATION COMPLETE.  0 WARNING(S),  1 ERROR(S)
