C51 COMPILER V9.53.0.0   I2C                                                               06/18/2020 18:06:25 PAGE 1   


C51 COMPILER V9.53.0.0, COMPILATION OF MODULE I2C
OBJECT MODULE PLACED IN .\I2C.obj
COMPILER INVOKED BY: F:\MDK5\C51\BIN\C51.EXE ..\hardware\IIC\I2C.c OPTIMIZE(8,SPEED) BROWSE INCDIR(..\hardware\delay;..\
                    -hardware\IIC;..\hardware\OLED) DEBUG OBJECTEXTEND PRINT(.\I2C.lst) TABS(3) OBJECT(.\I2C.obj)

line level    source

   1                                                                                                                   
   2           /*************************此部分为I2C总线的驱动程序*************************************/
   3          
   4          #include "stc8.h"
   5          #include "i2c.h"
   6          #include "delay.h"
   7          
   8          
   9           
  10          sbit     SCL=P1^5;     //I2C  时钟 
  11          sbit     SDA=P1^4;     //I2C  数据 
  12          
  13          //SDA方向控制
  14          void IO_SDA(u8 m)
  15          {
  16   1       if(m==1)
  17   1       {
  18   2        P1M1=0X40;              //配置SDA为输入
  19   2        P1M0=0X00;
  20   2       }
  21   1       else
  22   1       {
  23   2        P1M1=0X00;             //恢复SDA双向io
  24   2        P1M0=0X00; 
  25   2       }
  26   1      }
  27          
  28          
  29          //起动总线函数               
  30          //Start_I2c();  
  31          //功能:     启动I2C总线,即发送I2C起始条件.  
  32          void IIC_Start()
  33          {
  34   1        SDA=1;         //发送起始条件的数据信号
  35   1        SCL=1;
  36   1        delay4us(2); 
  37   1        SDA=0;         //发送起始信号
  38   1        delay4us(2);      
  39   1        SCL=0;       //钳住I2C总线，准备发送或接收数据 
  40   1      }
  41          
  42          
  43          //结束总线函数               
  44          //Stop_I2c();  
  45          //功能:     结束I2C总线,即发送I2C结束条件.  
  46          void IIC_Stop()
  47          {
  48   1        SCL=0;
  49   1        SDA=0;      //发送结束条件的数据信号
  50   1        delay4us(2);
  51   1        SCL=1;      //结束条件建立时间大于4μs
  52   1        SDA=1;      //发送I2C总线结束信号
  53   1        delay4us(2);
  54   1      }
C51 COMPILER V9.53.0.0   I2C                                                               06/18/2020 18:06:25 PAGE 2   

  55          
  56          
  57          //等待应答信号到来
  58          //返回值：1，接收应答失败
  59          //        0，接收应答成功
  60          u8 IIC_Wait_Ack(void)
  61          {
  62   1         u8 Time=0; 
  63   1          IO_SDA(1);         //配置SDA为输入
  64   1          SDA=1;                //准备接收应答位
  65   1          delay4us(1);  
  66   1          SCL=1;
  67   1          delay4us(1);         
  68   1         while(SDA)           
  69   1         {
  70   2            Time++;
  71   2            if(Time>250)
  72   2            {
  73   3               IIC_Stop();
  74   3                  IO_SDA(0);   //恢复SDA双向io
  75   3               return 1;    //无应答返回1
  76   3            }
  77   2         }
  78   1         SCL=0;//时钟输出0 
  79   1         
  80   1          IO_SDA(0);        //恢复SDA双向io
  81   1         return 0;          //有应答返回0
  82   1      } 
  83          
  84          
  85          
  86          //字节数据发送函数               
  87          //SendByte(u8 c);
  88          //功能:     将数据c发送出去,可以是地址,也可以是数据
  89          void  Write_IIC_Byte(u8  c)
  90          {
  91   1       u8  BitCnt;
  92   1                                //条件 一定要开启总线 保持SCL处于0状态 才能进行写入
  93   1       for(BitCnt=0;BitCnt<8;BitCnt++)  //要传送的数据长度为8位
  94   1          {
  95   2           if((c<<BitCnt)&0x80)SDA=1;   //判断发送位  发送是由高位开始发送
  96   2             else  SDA=0;                
  97   2           delay4us(1); 
  98   2           SCL=1;               //置时钟线为高，通知被控器开始接收数据位
  99   2           delay4us(1);        
 100   2           SCL=0;
 101   2           delay4us(1);            
 102   2          }
 103   1          
 104   1      }
 105          
 106          
 107           //产生ACK应答
 108          void I2C_Ack(void)
 109          {
 110   1         SCL=0;
 111   1         delay4us(2);        
 112   1         SDA=1;
 113   1         delay4us(2);
 114   1         SDA=0;
 115   1         delay4us(2);
 116   1         SCL=1;
C51 COMPILER V9.53.0.0   I2C                                                               06/18/2020 18:06:25 PAGE 3   

 117   1         delay4us(2);
 118   1         SCL=0;
 119   1         delay4us(2);
 120   1         SDA=1;
 121   1         delay4us(2);
 122   1      }
 123          //不产生ACK应答          
 124          void I2C_NAck(void)
 125          {
 126   1         SCL=0;
 127   1         delay4us(2); 
 128   1         SDA=1;
 129   1         delay4us(2);
 130   1         SCL=1;
 131   1         delay4us(2);
 132   1         SCL=0;
 133   1         delay4us(2);
 134   1         SDA=0;
 135   1         delay4us(2);
 136   1      }
 137          
 138          
 139          //字节数据接收函数               
 140          //RcvByte();
 141          //功能:  用来接收从器件传来的数据,并判断总线错误(发应答信号)
 142          //ack  1 发送应答  0 不发送应答
 143          u8 RcvByte(u8 ack)
 144          {
 145   1        u8 retc=0,
 146   1           i;
 147   1        IO_SDA(1);               //配置SDA为输入
 148   1        SDA=1;
 149   1        delay4us(15); 
 150   1      
 151   1        for(i=0;i<8;i++)
 152   1         {         
 153   2              SCL=0;                  //置时钟线为低，准备接收数据位
 154   2              delay4us(2);
 155   2              SCL=1;                  //置时钟线为高使数据线上数据有效
 156   2            delay4us(1); 
 157   2              retc<<=1;
 158   2              if(SDA)retc++;       //读数据位,接收的数据位放入retc中 
 159   2            delay4us(1); 
 160   2         }
 161   1        IO_SDA(0);               //恢复SDA双向io
 162   1          if (!ack)
 163   1              I2C_NAck();//发送nACK
 164   1          else
 165   1              I2C_Ack(); //发送ACK   
 166   1      
 167   1        return retc;             
 168   1      }
 169          
 170          
 171          
 172          
 173          


MODULE INFORMATION:   STATIC OVERLAYABLE
   CODE SIZE        =    363    ----
   CONSTANT SIZE    =   ----    ----
C51 COMPILER V9.53.0.0   I2C                                                               06/18/2020 18:06:25 PAGE 4   

   XDATA SIZE       =   ----    ----
   PDATA SIZE       =   ----    ----
   DATA SIZE        =   ----       6
   IDATA SIZE       =   ----    ----
   BIT SIZE         =   ----    ----
END OF MODULE INFORMATION.


C51 COMPILATION COMPLETE.  0 WARNING(S),  0 ERROR(S)
