C51 COMPILER V9.53.0.0   PID                                                               07/17/2020 00:17:41 PAGE 1   


C51 COMPILER V9.53.0.0, COMPILATION OF MODULE PID
OBJECT MODULE PLACED IN .\PID.obj
COMPILER INVOKED BY: F:\MDK5\C51\BIN\C51.EXE ..\hardware\PID\PID.c LARGE OMF2 OPTIMIZE(2,SPEED) BROWSE INCDIR(..\hardwar
                    -e\delay;..\hardware\IIC;..\hardware\OLED;..\hardware\ADC;..\hardware\Mpu6050;..\hardware\KEY;..\hardware\LED;..\hardware
                    -\PWM;..\hardware\pca;..\hardware\timer;..\hardware\PID) DEBUG PRINT(.\PID.lst) TABS(3) OBJECT(.\PID.obj)

line level    source

   1          #include "PID.h"
   2          
   3          struct P_pid pid_speed={   //设定速度环pid的初值
   4             0.0,
   5             0.0,
   6             0.0,
   7             0.0,
   8             0.0,
   9             0.0,
  10             
  11             
  12             30.0,
  13             5.0,
  14             5.0,
  15          };
  16          
  17          float PID_realize(float err,struct P_pid pid)   //pid运算
  18          {
  19   1         pid.err=err;
  20   1         pid.inegral+=pid.err;
  21   1         pid.PIDReturn =pid.Kp*pid.err+pid.Ki*pid.inegral+pid.Kd*(pid.err-pid.Last_err);
  22   1         pid.Last_err=pid.err;
  23   1         return pid.PIDReturn; 
  24   1      }


MODULE INFORMATION:   STATIC OVERLAYABLE
   CODE SIZE        =    268    ----
   CONSTANT SIZE    =   ----    ----
   XDATA SIZE       =     40      44
   PDATA SIZE       =   ----    ----
   DATA SIZE        =   ----    ----
   IDATA SIZE       =   ----    ----
   BIT SIZE         =   ----    ----
   EDATA SIZE       =   ----    ----
   HDATA SIZE       =   ----    ----
   XDATA CONST SIZE =   ----    ----
   FAR CONST SIZE   =   ----    ----
END OF MODULE INFORMATION.


C51 COMPILATION COMPLETE.  0 WARNING(S),  0 ERROR(S)
