C51 COMPILER V9.53.0.0   SEEKFREE_IIC                                                      07/22/2020 16:08:56 PAGE 1   


C51 COMPILER V9.53.0.0, COMPILATION OF MODULE SEEKFREE_IIC
OBJECT MODULE PLACED IN .\SEEKFREE_IIC.obj
COMPILER INVOKED BY: F:\MDK5\C51\BIN\C51.EXE ..\hardware\Mpu6050\SEEKFREE_IIC.c LARGE OMF2 OPTIMIZE(2,SPEED) BROWSE INCD
                    -IR(..\hardware\delay;..\hardware\IIC;..\hardware\OLED;..\hardware\ADC;..\hardware\Mpu6050;..\hardware\KEY;..\hardware\LE
                    -D;..\hardware\PWM;..\hardware\pca;..\hardware\timer;..\hardware\PID;..\hardware\CCD;..\hardware\UART) DEBUG PRINT(.\SEEK
                    -FREE_IIC.lst) TABS(3) OBJECT(.\SEEKFREE_IIC.obj)

line level    source

   1          /*********************************************************************************************************
             -************
   2           * COPYRIGHT NOTICE
   3           * Copyright (c) 2018,逐飞科技
   4           * All rights reserved.
   5           * 技术讨论QQ群：179029047
   6           *
   7           * 以下所有内容版权均属逐飞科技所有，未经允许不得用于商业用途，
   8           * 欢迎各位使用并传播本程序，修改内容时必须保留逐飞科技的版权声明。
   9           *
  10           * @file             模拟IIC
  11           * @company          成都逐飞科技有限公司
  12           * @author           逐飞科技(QQ3184284598)
  13           * @version          查看common.h内VERSION宏定义
  14           * @Software      IAR 7.8 or MDK 5.24a
  15           * @Target core      LPC54606J512BD100
  16           * @Taobao        https://seekfree.taobao.com/
  17           * @date             2018-05-24
  18           * @note    
  19                         接线定义：
  20                         ------------------------------------ 
  21                            SCL                 查看SEEKFREE_IIC文件内的SEEKFREE_SCL宏定义
  22                            SDA                 查看SEEKFREE_IIC文件内的SEEKFREE_SDA宏定义
  23                         ------------------------------------ 
  24           *********************************************************************************************************
             -***********/
  25          
  26          
  27          
  28          #include "SEEKFREE_IIC.h"
  29          
  30          
  31          
  32          
  33          
  34          #define SDA          SIMIIC_SDA_PIN
  35          #define SDA0()          SIMIIC_SDA_PIN = 0      //IO口输出低电平
  36          #define SDA1()          SIMIIC_SDA_PIN = 1      //IO口输出高电平  
  37          #define SCL0()          SIMIIC_SCL_PIN = 0      //IO口输出低电平
  38          #define SCL1()          SIMIIC_SCL_PIN = 1      //IO口输出高电平
  39          
  40          
  41          //内部数据定义
  42          uint8 IIC_ad_main; //器件从地址       
  43          uint8 IIC_ad_sub;  //器件子地址      
  44          uint8 *IIC_buf;    //发送|接收数据缓冲区      
  45          uint8 IIC_num;     //发送|接收数据个数       
  46          
  47          #define ack 1      //主应答
  48          #define no_ack 0   //从应答    
  49          
  50          void  simiic_init(void)
C51 COMPILER V9.53.0.0   SEEKFREE_IIC                                                      07/22/2020 16:08:56 PAGE 2   

  51          {
  52   1         P3M1 |= 1<<2;
  53   1         P3M0 |= 1<<2;
  54   1         P3M1 |= 1<<3;
  55   1         P3M0 |= 1<<3;
  56   1      }
  57          
  58          //--------------------------------------------------------------------------------------------------------
             ------------
  59          //  @brief      模拟IIC延时
  60          //  @return     void                
  61          //  @since      v1.0
  62          //  Sample usage:          如果IIC通讯失败可以尝试增加j的值
  63          //--------------------------------------------------------------------------------------------------------
             ------------
  64          void simiic_delay(void)
  65          {
  66   1          uint16 j=20;   
  67   1         while(j--);
  68   1      }
  69          
  70          
  71          //内部使用，用户无需调用
  72          void simiic_start(void)
  73          {
  74   1         SDA1();
  75   1         SCL1();
  76   1         simiic_delay();
  77   1         SDA0();
  78   1         simiic_delay();
  79   1         SCL0();
  80   1      }
  81          
  82          //内部使用，用户无需调用
  83          void simiic_stop(void)
  84          {
  85   1         SDA0();
  86   1         SCL0();
  87   1         simiic_delay();
  88   1         SCL1();
  89   1         simiic_delay();
  90   1         SDA1();
  91   1         simiic_delay();
  92   1      }
  93          
  94          //主应答(包含ack:SDA=0和no_ack:SDA=0)
  95          //内部使用，用户无需调用
  96          void simiic_sendack(unsigned char ack_dat)
  97          {
  98   1          SCL0();
  99   1         simiic_delay();
 100   1         if(ack_dat) SDA0();
 101   1          else       SDA1();
 102   1      
 103   1          SCL1();
 104   1          simiic_delay();
 105   1          SCL0();
 106   1          simiic_delay();
 107   1      }
 108          
 109          
 110          static int sccb_waitack(void)
C51 COMPILER V9.53.0.0   SEEKFREE_IIC                                                      07/22/2020 16:08:56 PAGE 3   

 111          {
 112   1          SCL0();
 113   1      
 114   1         simiic_delay();
 115   1         
 116   1         SCL1();
 117   1          simiic_delay();
 118   1         
 119   1          if(SDA)           //应答为高电平，异常，通信失败
 120   1          {
 121   2      
 122   2              SCL0();
 123   2              return 0;
 124   2          }
 125   1      
 126   1          SCL0();
 127   1         simiic_delay();
 128   1          return 1;
 129   1      }
 130          
 131          //字节发送程序
 132          //发送c(可以是数据也可是地址)，送完后接收从应答
 133          //不考虑从应答位
 134          //内部使用，用户无需调用
 135          void send_ch(uint8 c)
 136          {
 137   1         uint8 i = 8;
 138   1          while(i--)
 139   1          {
 140   2              if(c & 0x80) SDA1();//SDA 输出数据
 141   2              else         SDA0();
 142   2              c <<= 1;
 143   2              simiic_delay();
 144   2              SCL1();                //SCL 拉高，采集信号
 145   2              simiic_delay();
 146   2              SCL0();                //SCL 时钟线拉低
 147   2          }
 148   1         sccb_waitack();
 149   1      }
 150          
 151          //字节接收程序
 152          //接收器件传来的数据，此程序应配合|主应答函数|使用
 153          //内部使用，用户无需调用
 154          uint8 read_ch(uint8 ack_x)
 155          {
 156   1          uint8 i;
 157   1          uint8 c;
 158   1          c=0;
 159   1          SCL0();
 160   1          simiic_delay();
 161   1          SDA1();             
 162   1      
 163   1          for(i=0;i<8;i++)
 164   1          {
 165   2              simiic_delay();
 166   2              SCL0();         //置时钟线为低，准备接收数据位
 167   2              simiic_delay();
 168   2              SCL1();         //置时钟线为高，使数据线上数据有效
 169   2              simiic_delay();
 170   2              c<<=1;
 171   2              if(SDA) 
 172   2              {
C51 COMPILER V9.53.0.0   SEEKFREE_IIC                                                      07/22/2020 16:08:56 PAGE 4   

 173   3                  c+=1;   //读数据位，将接收的数据存c
 174   3              }
 175   2          }
 176   1      
 177   1         SCL0();
 178   1         simiic_delay();
 179   1         simiic_sendack(ack_x);
 180   1         
 181   1          return c;
 182   1      }
 183          
 184          //--------------------------------------------------------------------------------------------------------
             ------------
 185          //  @brief      模拟IIC写数据到设备寄存器函数
 186          //  @param      dev_add       设备地址(低七位地址)
 187          //  @param      reg           寄存器地址
 188          //  @param      dat           写入的数据
 189          //  @return     void                
 190          //  @since      v1.0
 191          //  Sample usage:          
 192          //--------------------------------------------------------------------------------------------------------
             ------------
 193          void simiic_write_reg(uint8 dev_add, uint8 reg, uint8 dat)
 194          {
 195   1         simiic_start();
 196   1          send_ch( (dev_add<<1) | 0x00);   //发送器件地址加写位
 197   1         send_ch( reg );                //发送从机寄存器地址
 198   1         send_ch( dat );                //发送需要写入的数据
 199   1         simiic_stop();
 200   1      }
 201          
 202          
 203          //--------------------------------------------------------------------------------------------------------
             ------------
 204          //  @brief      模拟IIC从设备寄存器读取数据
 205          //  @param      dev_add       设备地址(低七位地址)
 206          //  @param      reg           寄存器地址
 207          //  @param      type       选择通信方式是IIC  还是 SCCB
 208          //  @return     uint8         返回寄存器的数据         
 209          //  @since      v1.0
 210          //  Sample usage:          
 211          //--------------------------------------------------------------------------------------------------------
             ------------
 212          uint8 simiic_read_reg(uint8 dev_add, uint8 reg, IIC_type type)
 213          {
 214   1         uint8 dat;
 215   1         simiic_start();
 216   1          send_ch( (dev_add<<1) | 0x00);  //发送器件地址加写位
 217   1         send_ch( reg );               //发送从机寄存器地址
 218   1         if(type == SCCB)simiic_stop();
 219   1         
 220   1         simiic_start();
 221   1         send_ch( (dev_add<<1) | 0x01);  //发送器件地址加读位
 222   1         dat = read_ch(no_ack);              //读取数据
 223   1         simiic_stop();
 224   1         
 225   1         return dat;
 226   1      }
 227          
 228          //--------------------------------------------------------------------------------------------------------
             ------------
 229          //  @brief      模拟IIC读取多字节数据
C51 COMPILER V9.53.0.0   SEEKFREE_IIC                                                      07/22/2020 16:08:56 PAGE 5   

 230          //  @param      dev_add       设备地址(低七位地址)
 231          //  @param      reg           寄存器地址
 232          //  @param      dat_add       数据保存的地址指针
 233          //  @param      num           读取字节数量
 234          //  @param      type       选择通信方式是IIC  还是 SCCB
 235          //  @return     uint8         返回寄存器的数据         
 236          //  @since      v1.0
 237          //  Sample usage:          
 238          //--------------------------------------------------------------------------------------------------------
             ------------
 239          void simiic_read_regs(uint8 dev_add, uint8 reg, uint8 *dat_add, uint8 num, IIC_type type)
 240          {
 241   1         simiic_start();
 242   1          send_ch( (dev_add<<1) | 0x00);  //发送器件地址加写位
 243   1         send_ch( reg );               //发送从机寄存器地址
 244   1         if(type == SCCB)simiic_stop();
 245   1         
 246   1         simiic_start();
 247   1         send_ch( (dev_add<<1) | 0x01);  //发送器件地址加读位
 248   1          while(--num)
 249   1          {
 250   2              *dat_add = read_ch(ack); //读取数据
 251   2              dat_add++;
 252   2          }
 253   1          *dat_add = read_ch(no_ack); //读取数据
 254   1         simiic_stop();
 255   1      }
 256          
 257          
 258          


MODULE INFORMATION:   STATIC OVERLAYABLE
   CODE SIZE        =    581    ----
   CONSTANT SIZE    =   ----    ----
   XDATA SIZE       =      6      22
   PDATA SIZE       =   ----    ----
   DATA SIZE        =   ----    ----
   IDATA SIZE       =   ----    ----
   BIT SIZE         =   ----    ----
   EDATA SIZE       =   ----    ----
   HDATA SIZE       =   ----    ----
   XDATA CONST SIZE =   ----    ----
   FAR CONST SIZE   =   ----    ----
END OF MODULE INFORMATION.


C51 COMPILATION COMPLETE.  0 WARNING(S),  0 ERROR(S)
